
> mindsfire-employees@0.1.0 build
> next build

node.exe :  ΓÜá Warning: Next.js 
inferred your workspace root, but 
it may not be correct.
At line:1 char:1
+ & "C:\Program 
Files\nodejs/node.exe" "C:\Program 
Files\nodejs/node_mo ...
+ ~~~~~~~~~~~~~~~~~~~~~~~~~~~~~~~~~~
~~~~~~~~~~~~~~~~~~~~~~~~~~~~~~~~~~~
    + CategoryInfo          : NotSp 
   ecified: ( ΓÜá Warning: N...not  
   be correct.:String) [], Remote   
 Exception
    + FullyQualifiedErrorId : Nativ 
   eCommandError
 
 We detected multiple lockfiles and 
selected the directory of C:\Users\A
dmin\Documents\code\package-lock.jso
n as the root directory.
 To silence this warning, set 
`turbopack.root` in your Next.js 
config, or consider removing one of 
the lockfiles if it's not needed.
   See https://nextjs.org/docs/app/a
pi-reference/config/next-config-js/t
urbopack#root-directory for more 
information.
 Detected additional lockfiles: 
   * C:\Users\Admin\Documents\code\m
indsfire-employees\package-lock.json

   Γû▓ Next.js 16.0.7 (Turbopack)
   - Environments: .env.local

 ΓÜá The "middleware" file 
convention is deprecated. Please 
use "proxy" instead. Learn more: htt
ps://nextjs.org/docs/messages/middle
ware-to-proxy
   Creating an optimized production build ...
 Γ£ô Compiled successfully in 6.9s
   Running TypeScript ...
Failed to compile.

./src/pages/dashboard.tsx:18:11
Type error: Type '{ title: string; 
user: null; onLogout: () => void; 
onChangePassword: () => void; 
onLogoClick: () => void; }' is not 
assignable to type 
'IntrinsicAttributes & { 
breadcrumbs: { label: string; 
href?: string | undefined; }[]; 
user: { name: string; email: 
string; } | null; onLogout: () => 
void; onChangePassword: () => void; 
onLogoClick: () => void; }'.
  Property 'title' does not exist 
on type 'IntrinsicAttributes & { 
breadcrumbs: { label: string; 
href?: string | undefined; }[]; 
user: { name: string; email: 
string; } | null; onLogout: () => 
void; onChangePassword: () => void; 
onLogoClick: () => void; }'.

[0m [90m 16 |[39m       [33m<[3
9m[33mSidebarInset[39m[33m>[39m
 [90m 17 |[39m         
[33m<[39m[33mSiteHeader[39m
[31m[1m>[22m[39m[90m 18 |[39m 
          title[33m=[39m[32m"Dash
board"[39m
 [90m    |[39m           
[31m[1m^[22m[39m
 [90m 19 |[39m           
user[33m=[39m{[36mnull[39m}
 [90m 20 |[39m           
onLogout[33m=[39m{noop}
 [90m 21 |[39m           onChangeP
assword[33m=[39m{noop}[0m
Next.js build worker exited with 
code: 1 and signal: null
